[1.219s] Invoking command in '/home/havlian/Documents/Mapovac_code/Mapovac_sw': DEBUGINFOD_URLS=https://debuginfod.ubuntu.com PYTHONPATH=/home/havlian/Documents/Mapovac_code/build/Mapovac_sw/prefix_override:/usr/lib/python3/dist-packages/colcon_core/task/python/colcon_distutils_commands:/home/havlian/Documents/Mapovac_code/install/Mapovac_sw/lib/python3.12/site-packages:${PYTHONPATH} /usr/bin/python3 -W ignore:setup.py install is deprecated -W ignore:easy_install command is deprecated setup.py egg_info --egg-base ../build/Mapovac_sw build --build-base /home/havlian/Documents/Mapovac_code/build/Mapovac_sw/build install --record /home/havlian/Documents/Mapovac_code/build/Mapovac_sw/install.log --single-version-externally-managed install_data
[1.584s] running egg_info
[1.611s] writing ../build/Mapovac_sw/Mapovac_sw.egg-info/PKG-INFO
[1.611s] writing dependency_links to ../build/Mapovac_sw/Mapovac_sw.egg-info/dependency_links.txt
[1.613s] writing entry points to ../build/Mapovac_sw/Mapovac_sw.egg-info/entry_points.txt
[1.613s] writing requirements to ../build/Mapovac_sw/Mapovac_sw.egg-info/requires.txt
[1.614s] writing top-level names to ../build/Mapovac_sw/Mapovac_sw.egg-info/top_level.txt
[1.666s] reading manifest file '../build/Mapovac_sw/Mapovac_sw.egg-info/SOURCES.txt'
[1.667s] writing manifest file '../build/Mapovac_sw/Mapovac_sw.egg-info/SOURCES.txt'
[1.667s] running build
[1.667s] running build_py
[1.668s] copying Mapovac_sw/Comand_listener.py -> /home/havlian/Documents/Mapovac_code/build/Mapovac_sw/build/lib/Mapovac_sw
[1.668s] running install
[1.677s] running install_lib
[1.703s] copying /home/havlian/Documents/Mapovac_code/build/Mapovac_sw/build/lib/Mapovac_sw/Comand_listener.py -> /home/havlian/Documents/Mapovac_code/install/Mapovac_sw/lib/python3.12/site-packages/Mapovac_sw
[1.705s] byte-compiling /home/havlian/Documents/Mapovac_code/install/Mapovac_sw/lib/python3.12/site-packages/Mapovac_sw/Comand_listener.py to Comand_listener.cpython-312.pyc
[1.708s] running install_data
[1.708s] running install_egg_info
[1.736s] removing '/home/havlian/Documents/Mapovac_code/install/Mapovac_sw/lib/python3.12/site-packages/Mapovac_sw-0.0.0-py3.12.egg-info' (and everything under it)
[1.736s] Copying ../build/Mapovac_sw/Mapovac_sw.egg-info to /home/havlian/Documents/Mapovac_code/install/Mapovac_sw/lib/python3.12/site-packages/Mapovac_sw-0.0.0-py3.12.egg-info
[1.737s] running install_scripts
[1.919s] Installing Comand_listener script to /home/havlian/Documents/Mapovac_code/install/Mapovac_sw/lib/Mapovac_sw
[1.919s] Installing move script to /home/havlian/Documents/Mapovac_code/install/Mapovac_sw/lib/Mapovac_sw
[1.920s] writing list of installed files to '/home/havlian/Documents/Mapovac_code/build/Mapovac_sw/install.log'
[2.012s] Invoked command in '/home/havlian/Documents/Mapovac_code/Mapovac_sw' returned '0': DEBUGINFOD_URLS=https://debuginfod.ubuntu.com PYTHONPATH=/home/havlian/Documents/Mapovac_code/build/Mapovac_sw/prefix_override:/usr/lib/python3/dist-packages/colcon_core/task/python/colcon_distutils_commands:/home/havlian/Documents/Mapovac_code/install/Mapovac_sw/lib/python3.12/site-packages:${PYTHONPATH} /usr/bin/python3 -W ignore:setup.py install is deprecated -W ignore:easy_install command is deprecated setup.py egg_info --egg-base ../build/Mapovac_sw build --build-base /home/havlian/Documents/Mapovac_code/build/Mapovac_sw/build install --record /home/havlian/Documents/Mapovac_code/build/Mapovac_sw/install.log --single-version-externally-managed install_data
