[1.212s] Invoking command in '/home/havlian/Documents/Mapovac_code/Mapovac_sw': DEBUGINFOD_URLS=https://debuginfod.ubuntu.com PYTHONPATH=/home/havlian/Documents/Mapovac_code/build/Mapovac_sw/prefix_override:/usr/lib/python3/dist-packages/colcon_core/task/python/colcon_distutils_commands:/home/havlian/Documents/Mapovac_code/install/Mapovac_sw/lib/python3.12/site-packages:${PYTHONPATH} /usr/bin/python3 -W ignore:setup.py install is deprecated -W ignore:easy_install command is deprecated setup.py egg_info --egg-base ../build/Mapovac_sw build --build-base /home/havlian/Documents/Mapovac_code/build/Mapovac_sw/build install --record /home/havlian/Documents/Mapovac_code/build/Mapovac_sw/install.log --single-version-externally-managed install_data
[1.575s] running egg_info
[1.600s] writing ../build/Mapovac_sw/Mapovac_sw.egg-info/PKG-INFO
[1.600s] writing dependency_links to ../build/Mapovac_sw/Mapovac_sw.egg-info/dependency_links.txt
[1.601s] writing entry points to ../build/Mapovac_sw/Mapovac_sw.egg-info/entry_points.txt
[1.602s] writing requirements to ../build/Mapovac_sw/Mapovac_sw.egg-info/requires.txt
[1.602s] writing top-level names to ../build/Mapovac_sw/Mapovac_sw.egg-info/top_level.txt
[1.657s] reading manifest file '../build/Mapovac_sw/Mapovac_sw.egg-info/SOURCES.txt'
[1.658s] writing manifest file '../build/Mapovac_sw/Mapovac_sw.egg-info/SOURCES.txt'
[1.658s] running build
[1.659s] running build_py
[1.659s] copying Mapovac_sw/Comand_listener.py -> /home/havlian/Documents/Mapovac_code/build/Mapovac_sw/build/lib/Mapovac_sw
[1.659s] running install
[1.669s] running install_lib
[1.694s] copying /home/havlian/Documents/Mapovac_code/build/Mapovac_sw/build/lib/Mapovac_sw/Comand_listener.py -> /home/havlian/Documents/Mapovac_code/install/Mapovac_sw/lib/python3.12/site-packages/Mapovac_sw
[1.695s] byte-compiling /home/havlian/Documents/Mapovac_code/install/Mapovac_sw/lib/python3.12/site-packages/Mapovac_sw/Comand_listener.py to Comand_listener.cpython-312.pyc
[1.696s] running install_data
[1.696s] running install_egg_info
[1.726s] removing '/home/havlian/Documents/Mapovac_code/install/Mapovac_sw/lib/python3.12/site-packages/Mapovac_sw-0.0.0-py3.12.egg-info' (and everything under it)
[1.726s] Copying ../build/Mapovac_sw/Mapovac_sw.egg-info to /home/havlian/Documents/Mapovac_code/install/Mapovac_sw/lib/python3.12/site-packages/Mapovac_sw-0.0.0-py3.12.egg-info
[1.728s] running install_scripts
[1.912s] Installing Comand_listener script to /home/havlian/Documents/Mapovac_code/install/Mapovac_sw/lib/Mapovac_sw
[1.912s] Installing move script to /home/havlian/Documents/Mapovac_code/install/Mapovac_sw/lib/Mapovac_sw
[1.913s] writing list of installed files to '/home/havlian/Documents/Mapovac_code/build/Mapovac_sw/install.log'
[2.002s] Invoked command in '/home/havlian/Documents/Mapovac_code/Mapovac_sw' returned '0': DEBUGINFOD_URLS=https://debuginfod.ubuntu.com PYTHONPATH=/home/havlian/Documents/Mapovac_code/build/Mapovac_sw/prefix_override:/usr/lib/python3/dist-packages/colcon_core/task/python/colcon_distutils_commands:/home/havlian/Documents/Mapovac_code/install/Mapovac_sw/lib/python3.12/site-packages:${PYTHONPATH} /usr/bin/python3 -W ignore:setup.py install is deprecated -W ignore:easy_install command is deprecated setup.py egg_info --egg-base ../build/Mapovac_sw build --build-base /home/havlian/Documents/Mapovac_code/build/Mapovac_sw/build install --record /home/havlian/Documents/Mapovac_code/build/Mapovac_sw/install.log --single-version-externally-managed install_data
