[0.331s] DEBUG:colcon:Command line arguments: ['/usr/bin/colcon', 'build']
[0.332s] DEBUG:colcon:Parsed command line arguments: Namespace(log_base=None, log_level=None, verb_name='build', build_base='build', install_base='install', merge_install=False, symlink_install=False, test_result_base=None, continue_on_error=False, executor='parallel', parallel_workers=4, event_handlers=None, ignore_user_meta=False, metas=['./colcon.meta'], base_paths=['.'], packages_ignore=None, packages_ignore_regex=None, paths=None, packages_up_to=None, packages_up_to_regex=None, packages_above=None, packages_above_and_dependencies=None, packages_above_depth=None, packages_select_by_dep=None, packages_skip_by_dep=None, packages_skip_up_to=None, packages_select_build_failed=False, packages_skip_build_finished=False, packages_select_test_failures=False, packages_skip_test_passed=False, packages_select=None, packages_skip=None, packages_select_regex=None, packages_skip_regex=None, packages_start=None, packages_end=None, allow_overriding=[], cmake_args=None, cmake_target=None, cmake_target_skip_unavailable=False, cmake_clean_cache=False, cmake_clean_first=False, cmake_force_configure=False, ament_cmake_args=None, catkin_cmake_args=None, catkin_skip_building_tests=False, mixin_files=None, mixin=None, verb_parser=<colcon_mixin.mixin.mixin_argument.MixinArgumentDecorator object at 0xffffb835c140>, verb_extension=<colcon_core.verb.build.BuildVerb object at 0xffffb8518dd0>, main=<bound method BuildVerb.main of <colcon_core.verb.build.BuildVerb object at 0xffffb8518dd0>>, mixin_verb=('build',))
[0.466s] Level 1:colcon.colcon_core.package_discovery:discover_packages(colcon_meta) check parameters
[0.467s] Level 1:colcon.colcon_core.package_discovery:discover_packages(recursive) check parameters
[0.467s] Level 1:colcon.colcon_core.package_discovery:discover_packages(ignore) check parameters
[0.467s] Level 1:colcon.colcon_core.package_discovery:discover_packages(path) check parameters
[0.467s] Level 1:colcon.colcon_core.package_discovery:discover_packages(colcon_meta) discover
[0.467s] Level 1:colcon.colcon_core.package_discovery:discover_packages(recursive) discover
[0.467s] INFO:colcon.colcon_core.package_discovery:Crawling recursively for packages in '/home/havlian/Documents/Mapovac_code/Mapovac_sw'
[0.467s] Level 1:colcon.colcon_core.package_identification:_identify(.) by extensions ['ignore', 'ignore_ament_install']
[0.467s] Level 1:colcon.colcon_core.package_identification:_identify(.) by extension 'ignore'
[0.467s] Level 1:colcon.colcon_core.package_identification:_identify(.) by extension 'ignore_ament_install'
[0.468s] Level 1:colcon.colcon_core.package_identification:_identify(.) by extensions ['colcon_pkg']
[0.468s] Level 1:colcon.colcon_core.package_identification:_identify(.) by extension 'colcon_pkg'
[0.468s] Level 1:colcon.colcon_core.package_identification:_identify(.) by extensions ['colcon_meta']
[0.468s] Level 1:colcon.colcon_core.package_identification:_identify(.) by extension 'colcon_meta'
[0.468s] Level 1:colcon.colcon_core.package_identification:_identify(.) by extensions ['ros']
[0.468s] Level 1:colcon.colcon_core.package_identification:_identify(.) by extension 'ros'
[0.523s] DEBUG:colcon.colcon_core.package_identification:Package '.' with type 'ros.ament_python' and name 'Mapovac_sw'
[0.523s] Level 1:colcon.colcon_core.package_discovery:discover_packages(recursive) using defaults
[0.523s] Level 1:colcon.colcon_core.package_discovery:discover_packages(ignore) discover
[0.523s] Level 1:colcon.colcon_core.package_discovery:discover_packages(ignore) using defaults
[0.524s] Level 1:colcon.colcon_core.package_discovery:discover_packages(path) discover
[0.524s] Level 1:colcon.colcon_core.package_discovery:discover_packages(path) using defaults
[0.575s] Level 1:colcon.colcon_core.package_discovery:discover_packages(prefix_path) check parameters
[0.575s] Level 1:colcon.colcon_core.package_discovery:discover_packages(prefix_path) discover
[0.585s] DEBUG:colcon.colcon_installed_package_information.package_discovery:Found 287 installed packages in /opt/ros/jazzy
[0.588s] Level 1:colcon.colcon_core.package_discovery:discover_packages(prefix_path) using defaults
[0.657s] Level 5:colcon.colcon_core.verb:set package 'Mapovac_sw' build argument 'cmake_args' from command line to 'None'
[0.657s] Level 5:colcon.colcon_core.verb:set package 'Mapovac_sw' build argument 'cmake_target' from command line to 'None'
[0.657s] Level 5:colcon.colcon_core.verb:set package 'Mapovac_sw' build argument 'cmake_target_skip_unavailable' from command line to 'False'
[0.657s] Level 5:colcon.colcon_core.verb:set package 'Mapovac_sw' build argument 'cmake_clean_cache' from command line to 'False'
[0.657s] Level 5:colcon.colcon_core.verb:set package 'Mapovac_sw' build argument 'cmake_clean_first' from command line to 'False'
[0.657s] Level 5:colcon.colcon_core.verb:set package 'Mapovac_sw' build argument 'cmake_force_configure' from command line to 'False'
[0.657s] Level 5:colcon.colcon_core.verb:set package 'Mapovac_sw' build argument 'ament_cmake_args' from command line to 'None'
[0.657s] Level 5:colcon.colcon_core.verb:set package 'Mapovac_sw' build argument 'catkin_cmake_args' from command line to 'None'
[0.657s] Level 5:colcon.colcon_core.verb:set package 'Mapovac_sw' build argument 'catkin_skip_building_tests' from command line to 'False'
[0.657s] DEBUG:colcon.colcon_core.verb:Building package 'Mapovac_sw' with the following arguments: {'ament_cmake_args': None, 'build_base': '/home/havlian/Documents/Mapovac_code/Mapovac_sw/build/Mapovac_sw', 'catkin_cmake_args': None, 'catkin_skip_building_tests': False, 'cmake_args': None, 'cmake_clean_cache': False, 'cmake_clean_first': False, 'cmake_force_configure': False, 'cmake_target': None, 'cmake_target_skip_unavailable': False, 'install_base': '/home/havlian/Documents/Mapovac_code/Mapovac_sw/install/Mapovac_sw', 'merge_install': False, 'path': '/home/havlian/Documents/Mapovac_code/Mapovac_sw', 'symlink_install': False, 'test_result_base': None}
[0.657s] INFO:colcon.colcon_core.executor:Executing jobs using 'parallel' executor
[0.658s] DEBUG:colcon.colcon_parallel_executor.executor.parallel:run_until_complete
[0.659s] INFO:colcon.colcon_ros.task.ament_python.build:Building ROS package in '/home/havlian/Documents/Mapovac_code/Mapovac_sw' with build type 'ament_python'
[0.660s] Level 1:colcon.colcon_core.shell:create_environment_hook('Mapovac_sw', 'ament_prefix_path')
[0.674s] INFO:colcon.colcon_core.plugin_system:Skipping extension 'colcon_core.shell.bat': Not used on non-Windows systems
[0.674s] INFO:colcon.colcon_core.shell:Creating environment hook '/home/havlian/Documents/Mapovac_code/Mapovac_sw/install/Mapovac_sw/share/Mapovac_sw/hook/ament_prefix_path.ps1'
[0.681s] INFO:colcon.colcon_core.shell:Creating environment descriptor '/home/havlian/Documents/Mapovac_code/Mapovac_sw/install/Mapovac_sw/share/Mapovac_sw/hook/ament_prefix_path.dsv'
[0.683s] INFO:colcon.colcon_core.shell:Creating environment hook '/home/havlian/Documents/Mapovac_code/Mapovac_sw/install/Mapovac_sw/share/Mapovac_sw/hook/ament_prefix_path.sh'
[0.685s] INFO:colcon.colcon_core.shell:Skip shell extension 'powershell' for command environment: Not usable outside of PowerShell
[0.685s] DEBUG:colcon.colcon_core.shell:Skip shell extension 'dsv' for command environment
[1.125s] INFO:colcon.colcon_core.task.python.build:Building Python package in '/home/havlian/Documents/Mapovac_code/Mapovac_sw'
[1.126s] INFO:colcon.colcon_core.shell:Skip shell extension 'powershell' for command environment: Not usable outside of PowerShell
[1.126s] DEBUG:colcon.colcon_core.shell:Skip shell extension 'dsv' for command environment
[2.536s] DEBUG:colcon.colcon_core.event_handler.log_command:Invoking command in '/home/havlian/Documents/Mapovac_code/Mapovac_sw': DEBUGINFOD_URLS=https://debuginfod.ubuntu.com PYTHONPATH=/home/havlian/Documents/Mapovac_code/Mapovac_sw/build/Mapovac_sw/prefix_override:/usr/lib/python3/dist-packages/colcon_core/task/python/colcon_distutils_commands:/home/havlian/Documents/Mapovac_code/Mapovac_sw/install/Mapovac_sw/lib/python3.12/site-packages:${PYTHONPATH} /usr/bin/python3 -W ignore:setup.py install is deprecated -W ignore:easy_install command is deprecated setup.py egg_info --egg-base build/Mapovac_sw build --build-base /home/havlian/Documents/Mapovac_code/Mapovac_sw/build/Mapovac_sw/build install --record /home/havlian/Documents/Mapovac_code/Mapovac_sw/build/Mapovac_sw/install.log --single-version-externally-managed install_data
[3.501s] DEBUG:colcon.colcon_core.event_handler.log_command:Invoked command in '/home/havlian/Documents/Mapovac_code/Mapovac_sw' returned '0': DEBUGINFOD_URLS=https://debuginfod.ubuntu.com PYTHONPATH=/home/havlian/Documents/Mapovac_code/Mapovac_sw/build/Mapovac_sw/prefix_override:/usr/lib/python3/dist-packages/colcon_core/task/python/colcon_distutils_commands:/home/havlian/Documents/Mapovac_code/Mapovac_sw/install/Mapovac_sw/lib/python3.12/site-packages:${PYTHONPATH} /usr/bin/python3 -W ignore:setup.py install is deprecated -W ignore:easy_install command is deprecated setup.py egg_info --egg-base build/Mapovac_sw build --build-base /home/havlian/Documents/Mapovac_code/Mapovac_sw/build/Mapovac_sw/build install --record /home/havlian/Documents/Mapovac_code/Mapovac_sw/build/Mapovac_sw/install.log --single-version-externally-managed install_data
[3.518s] Level 1:colcon.colcon_core.environment:checking '/home/havlian/Documents/Mapovac_code/Mapovac_sw/install/Mapovac_sw' for CMake module files
[3.519s] Level 1:colcon.colcon_core.environment:checking '/home/havlian/Documents/Mapovac_code/Mapovac_sw/install/Mapovac_sw' for CMake config files
[3.521s] Level 1:colcon.colcon_core.environment:checking '/home/havlian/Documents/Mapovac_code/Mapovac_sw/install/Mapovac_sw/lib'
[3.521s] Level 1:colcon.colcon_core.environment:checking '/home/havlian/Documents/Mapovac_code/Mapovac_sw/install/Mapovac_sw/bin'
[3.521s] Level 1:colcon.colcon_core.environment:checking '/home/havlian/Documents/Mapovac_code/Mapovac_sw/install/Mapovac_sw/lib/pkgconfig/Mapovac_sw.pc'
[3.522s] Level 1:colcon.colcon_core.environment:checking '/home/havlian/Documents/Mapovac_code/Mapovac_sw/install/Mapovac_sw/lib/python3.12/site-packages'
[3.522s] Level 1:colcon.colcon_core.shell:create_environment_hook('Mapovac_sw', 'pythonpath')
[3.522s] INFO:colcon.colcon_core.shell:Creating environment hook '/home/havlian/Documents/Mapovac_code/Mapovac_sw/install/Mapovac_sw/share/Mapovac_sw/hook/pythonpath.ps1'
[3.523s] INFO:colcon.colcon_core.shell:Creating environment descriptor '/home/havlian/Documents/Mapovac_code/Mapovac_sw/install/Mapovac_sw/share/Mapovac_sw/hook/pythonpath.dsv'
[3.523s] INFO:colcon.colcon_core.shell:Creating environment hook '/home/havlian/Documents/Mapovac_code/Mapovac_sw/install/Mapovac_sw/share/Mapovac_sw/hook/pythonpath.sh'
[3.524s] Level 1:colcon.colcon_core.environment:checking '/home/havlian/Documents/Mapovac_code/Mapovac_sw/install/Mapovac_sw/bin'
[3.524s] Level 1:colcon.colcon_core.environment:create_environment_scripts_only(Mapovac_sw)
[3.524s] INFO:colcon.colcon_core.shell:Creating package script '/home/havlian/Documents/Mapovac_code/Mapovac_sw/install/Mapovac_sw/share/Mapovac_sw/package.ps1'
[3.526s] INFO:colcon.colcon_core.shell:Creating package descriptor '/home/havlian/Documents/Mapovac_code/Mapovac_sw/install/Mapovac_sw/share/Mapovac_sw/package.dsv'
[3.527s] INFO:colcon.colcon_core.shell:Creating package script '/home/havlian/Documents/Mapovac_code/Mapovac_sw/install/Mapovac_sw/share/Mapovac_sw/package.sh'
[3.528s] INFO:colcon.colcon_core.shell:Creating package script '/home/havlian/Documents/Mapovac_code/Mapovac_sw/install/Mapovac_sw/share/Mapovac_sw/package.bash'
[3.531s] INFO:colcon.colcon_core.shell:Creating package script '/home/havlian/Documents/Mapovac_code/Mapovac_sw/install/Mapovac_sw/share/Mapovac_sw/package.zsh'
[3.532s] Level 1:colcon.colcon_core.environment:create_file_with_runtime_dependencies(/home/havlian/Documents/Mapovac_code/Mapovac_sw/install/Mapovac_sw/share/colcon-core/packages/Mapovac_sw)
[3.533s] DEBUG:colcon.colcon_parallel_executor.executor.parallel:closing loop
[3.534s] DEBUG:colcon.colcon_parallel_executor.executor.parallel:loop closed
[3.534s] DEBUG:colcon.colcon_parallel_executor.executor.parallel:run_until_complete finished with '0'
[3.534s] DEBUG:colcon.colcon_core.event_reactor:joining thread
[3.553s] INFO:colcon.colcon_core.plugin_system:Skipping extension 'colcon_notification.desktop_notification.terminal_notifier': Not used on non-Darwin systems
[3.553s] INFO:colcon.colcon_core.plugin_system:Skipping extension 'colcon_notification.desktop_notification.win32': Not used on non-Windows systems
[3.553s] INFO:colcon.colcon_notification.desktop_notification:Sending desktop notification using 'notify2'
[3.593s] DEBUG:colcon.colcon_core.event_reactor:joined thread
[3.594s] INFO:colcon.colcon_core.shell:Creating prefix script '/home/havlian/Documents/Mapovac_code/Mapovac_sw/install/local_setup.ps1'
[3.596s] INFO:colcon.colcon_core.shell:Creating prefix util module '/home/havlian/Documents/Mapovac_code/Mapovac_sw/install/_local_setup_util_ps1.py'
[3.599s] INFO:colcon.colcon_core.shell:Creating prefix chain script '/home/havlian/Documents/Mapovac_code/Mapovac_sw/install/setup.ps1'
[3.601s] INFO:colcon.colcon_core.shell:Creating prefix script '/home/havlian/Documents/Mapovac_code/Mapovac_sw/install/local_setup.sh'
[3.602s] INFO:colcon.colcon_core.shell:Creating prefix util module '/home/havlian/Documents/Mapovac_code/Mapovac_sw/install/_local_setup_util_sh.py'
[3.604s] INFO:colcon.colcon_core.shell:Creating prefix chain script '/home/havlian/Documents/Mapovac_code/Mapovac_sw/install/setup.sh'
[3.607s] INFO:colcon.colcon_core.shell:Creating prefix script '/home/havlian/Documents/Mapovac_code/Mapovac_sw/install/local_setup.bash'
[3.608s] INFO:colcon.colcon_core.shell:Creating prefix chain script '/home/havlian/Documents/Mapovac_code/Mapovac_sw/install/setup.bash'
[3.609s] INFO:colcon.colcon_core.shell:Creating prefix script '/home/havlian/Documents/Mapovac_code/Mapovac_sw/install/local_setup.zsh'
[3.610s] INFO:colcon.colcon_core.shell:Creating prefix chain script '/home/havlian/Documents/Mapovac_code/Mapovac_sw/install/setup.zsh'
