running egg_info
writing ../build/Mapovac_sw/Mapovac_sw.egg-info/PKG-INFO
writing dependency_links to ../build/Mapovac_sw/Mapovac_sw.egg-info/dependency_links.txt
writing entry points to ../build/Mapovac_sw/Mapovac_sw.egg-info/entry_points.txt
writing requirements to ../build/Mapovac_sw/Mapovac_sw.egg-info/requires.txt
writing top-level names to ../build/Mapovac_sw/Mapovac_sw.egg-info/top_level.txt
reading manifest file '../build/Mapovac_sw/Mapovac_sw.egg-info/SOURCES.txt'
writing manifest file '../build/Mapovac_sw/Mapovac_sw.egg-info/SOURCES.txt'
running build
running build_py
running install
running install_lib
running install_data
running install_egg_info
removing '/home/havlian/Documents/Mapovac_code/install/Mapovac_sw/lib/python3.12/site-packages/Mapovac_sw-0.0.0-py3.12.egg-info' (and everything under it)
Copying ../build/Mapovac_sw/Mapovac_sw.egg-info to /home/havlian/Documents/Mapovac_code/install/Mapovac_sw/lib/python3.12/site-packages/Mapovac_sw-0.0.0-py3.12.egg-info
running install_scripts
Installing Comand_listener script to /home/havlian/Documents/Mapovac_code/install/Mapovac_sw/lib/Mapovac_sw
Installing move script to /home/havlian/Documents/Mapovac_code/install/Mapovac_sw/lib/Mapovac_sw
writing list of installed files to '/home/havlian/Documents/Mapovac_code/build/Mapovac_sw/install.log'
