[1.228s] Invoking command in '/home/havlian/Documents/Mapovac_code/Mapovac_sw': DEBUGINFOD_URLS=https://debuginfod.ubuntu.com PYTHONPATH=/home/havlian/Documents/Mapovac_code/build/Mapovac_sw/prefix_override:/usr/lib/python3/dist-packages/colcon_core/task/python/colcon_distutils_commands:/home/havlian/Documents/Mapovac_code/install/Mapovac_sw/lib/python3.12/site-packages:${PYTHONPATH} /usr/bin/python3 -W ignore:setup.py install is deprecated -W ignore:easy_install command is deprecated setup.py egg_info --egg-base ../build/Mapovac_sw build --build-base /home/havlian/Documents/Mapovac_code/build/Mapovac_sw/build install --record /home/havlian/Documents/Mapovac_code/build/Mapovac_sw/install.log --single-version-externally-managed install_data
[1.589s] running egg_info
[1.617s] writing ../build/Mapovac_sw/Mapovac_sw.egg-info/PKG-INFO
[1.617s] writing dependency_links to ../build/Mapovac_sw/Mapovac_sw.egg-info/dependency_links.txt
[1.618s] writing entry points to ../build/Mapovac_sw/Mapovac_sw.egg-info/entry_points.txt
[1.618s] writing requirements to ../build/Mapovac_sw/Mapovac_sw.egg-info/requires.txt
[1.619s] writing top-level names to ../build/Mapovac_sw/Mapovac_sw.egg-info/top_level.txt
[1.670s] reading manifest file '../build/Mapovac_sw/Mapovac_sw.egg-info/SOURCES.txt'
[1.671s] writing manifest file '../build/Mapovac_sw/Mapovac_sw.egg-info/SOURCES.txt'
[1.671s] running build
[1.672s] running build_py
[1.672s] copying Mapovac_sw/Comand_listener.py -> /home/havlian/Documents/Mapovac_code/build/Mapovac_sw/build/lib/Mapovac_sw
[1.672s] running install
[1.681s] running install_lib
[1.710s] copying /home/havlian/Documents/Mapovac_code/build/Mapovac_sw/build/lib/Mapovac_sw/Comand_listener.py -> /home/havlian/Documents/Mapovac_code/install/Mapovac_sw/lib/python3.12/site-packages/Mapovac_sw
[1.711s] byte-compiling /home/havlian/Documents/Mapovac_code/install/Mapovac_sw/lib/python3.12/site-packages/Mapovac_sw/Comand_listener.py to Comand_listener.cpython-312.pyc
[1.712s] running install_data
[1.712s] running install_egg_info
[1.739s] removing '/home/havlian/Documents/Mapovac_code/install/Mapovac_sw/lib/python3.12/site-packages/Mapovac_sw-0.0.0-py3.12.egg-info' (and everything under it)
[1.739s] Copying ../build/Mapovac_sw/Mapovac_sw.egg-info to /home/havlian/Documents/Mapovac_code/install/Mapovac_sw/lib/python3.12/site-packages/Mapovac_sw-0.0.0-py3.12.egg-info
[1.740s] running install_scripts
[1.920s] Installing Comand_listener script to /home/havlian/Documents/Mapovac_code/install/Mapovac_sw/lib/Mapovac_sw
[1.920s] Installing move script to /home/havlian/Documents/Mapovac_code/install/Mapovac_sw/lib/Mapovac_sw
[1.922s] writing list of installed files to '/home/havlian/Documents/Mapovac_code/build/Mapovac_sw/install.log'
[2.014s] Invoked command in '/home/havlian/Documents/Mapovac_code/Mapovac_sw' returned '0': DEBUGINFOD_URLS=https://debuginfod.ubuntu.com PYTHONPATH=/home/havlian/Documents/Mapovac_code/build/Mapovac_sw/prefix_override:/usr/lib/python3/dist-packages/colcon_core/task/python/colcon_distutils_commands:/home/havlian/Documents/Mapovac_code/install/Mapovac_sw/lib/python3.12/site-packages:${PYTHONPATH} /usr/bin/python3 -W ignore:setup.py install is deprecated -W ignore:easy_install command is deprecated setup.py egg_info --egg-base ../build/Mapovac_sw build --build-base /home/havlian/Documents/Mapovac_code/build/Mapovac_sw/build install --record /home/havlian/Documents/Mapovac_code/build/Mapovac_sw/install.log --single-version-externally-managed install_data
