[1.619s] Invoking command in '/home/havlian/Documents/Mapovac_code/Mapovac_sw': DEBUGINFOD_URLS=https://debuginfod.ubuntu.com PYTHONPATH=/home/havlian/Documents/Mapovac_code/build/Mapovac_sw/prefix_override:/usr/lib/python3/dist-packages/colcon_core/task/python/colcon_distutils_commands:/home/havlian/Documents/Mapovac_code/install/Mapovac_sw/lib/python3.12/site-packages:${PYTHONPATH} /usr/bin/python3 -W ignore:setup.py install is deprecated -W ignore:easy_install command is deprecated setup.py egg_info --egg-base ../build/Mapovac_sw build --build-base /home/havlian/Documents/Mapovac_code/build/Mapovac_sw/build install --record /home/havlian/Documents/Mapovac_code/build/Mapovac_sw/install.log --single-version-externally-managed install_data
[1.996s] running egg_info
[2.022s] writing ../build/Mapovac_sw/Mapovac_sw.egg-info/PKG-INFO
[2.023s] writing dependency_links to ../build/Mapovac_sw/Mapovac_sw.egg-info/dependency_links.txt
[2.024s] writing entry points to ../build/Mapovac_sw/Mapovac_sw.egg-info/entry_points.txt
[2.025s] writing requirements to ../build/Mapovac_sw/Mapovac_sw.egg-info/requires.txt
[2.026s] writing top-level names to ../build/Mapovac_sw/Mapovac_sw.egg-info/top_level.txt
[2.119s] reading manifest file '../build/Mapovac_sw/Mapovac_sw.egg-info/SOURCES.txt'
[2.121s] writing manifest file '../build/Mapovac_sw/Mapovac_sw.egg-info/SOURCES.txt'
[2.122s] running build
[2.123s] running build_py
[2.124s] copying Mapovac_sw/Comand_listener.py -> /home/havlian/Documents/Mapovac_code/build/Mapovac_sw/build/lib/Mapovac_sw
[2.124s] running install
[2.137s] running install_lib
[2.176s] copying /home/havlian/Documents/Mapovac_code/build/Mapovac_sw/build/lib/Mapovac_sw/Comand_listener.py -> /home/havlian/Documents/Mapovac_code/install/Mapovac_sw/lib/python3.12/site-packages/Mapovac_sw
[2.177s] byte-compiling /home/havlian/Documents/Mapovac_code/install/Mapovac_sw/lib/python3.12/site-packages/Mapovac_sw/Comand_listener.py to Comand_listener.cpython-312.pyc
[2.179s] running install_data
[2.179s] running install_egg_info
[2.213s] removing '/home/havlian/Documents/Mapovac_code/install/Mapovac_sw/lib/python3.12/site-packages/Mapovac_sw-0.0.0-py3.12.egg-info' (and everything under it)
[2.213s] Copying ../build/Mapovac_sw/Mapovac_sw.egg-info to /home/havlian/Documents/Mapovac_code/install/Mapovac_sw/lib/python3.12/site-packages/Mapovac_sw-0.0.0-py3.12.egg-info
[2.214s] running install_scripts
[2.425s] Installing Comand_listener script to /home/havlian/Documents/Mapovac_code/install/Mapovac_sw/lib/Mapovac_sw
[2.425s] Installing move script to /home/havlian/Documents/Mapovac_code/install/Mapovac_sw/lib/Mapovac_sw
[2.427s] writing list of installed files to '/home/havlian/Documents/Mapovac_code/build/Mapovac_sw/install.log'
[2.508s] Invoked command in '/home/havlian/Documents/Mapovac_code/Mapovac_sw' returned '0': DEBUGINFOD_URLS=https://debuginfod.ubuntu.com PYTHONPATH=/home/havlian/Documents/Mapovac_code/build/Mapovac_sw/prefix_override:/usr/lib/python3/dist-packages/colcon_core/task/python/colcon_distutils_commands:/home/havlian/Documents/Mapovac_code/install/Mapovac_sw/lib/python3.12/site-packages:${PYTHONPATH} /usr/bin/python3 -W ignore:setup.py install is deprecated -W ignore:easy_install command is deprecated setup.py egg_info --egg-base ../build/Mapovac_sw build --build-base /home/havlian/Documents/Mapovac_code/build/Mapovac_sw/build install --record /home/havlian/Documents/Mapovac_code/build/Mapovac_sw/install.log --single-version-externally-managed install_data
