[0.188s] DEBUG:colcon:Command line arguments: ['/usr/bin/colcon', 'build']
[0.188s] DEBUG:colcon:Parsed command line arguments: Namespace(log_base=None, log_level=None, verb_name='build', build_base='build', install_base='install', merge_install=False, symlink_install=False, test_result_base=None, continue_on_error=False, executor='parallel', parallel_workers=4, event_handlers=None, ignore_user_meta=False, metas=['./colcon.meta'], base_paths=['.'], packages_ignore=None, packages_ignore_regex=None, paths=None, packages_up_to=None, packages_up_to_regex=None, packages_above=None, packages_above_and_dependencies=None, packages_above_depth=None, packages_select_by_dep=None, packages_skip_by_dep=None, packages_skip_up_to=None, packages_select_build_failed=False, packages_skip_build_finished=False, packages_select_test_failures=False, packages_skip_test_passed=False, packages_select=None, packages_skip=None, packages_select_regex=None, packages_skip_regex=None, packages_start=None, packages_end=None, allow_overriding=[], cmake_args=None, cmake_target=None, cmake_target_skip_unavailable=False, cmake_clean_cache=False, cmake_clean_first=False, cmake_force_configure=False, ament_cmake_args=None, catkin_cmake_args=None, catkin_skip_building_tests=False, mixin_files=None, mixin=None, verb_parser=<colcon_mixin.mixin.mixin_argument.MixinArgumentDecorator object at 0xffffb9a6cb90>, verb_extension=<colcon_core.verb.build.BuildVerb object at 0xffffb9c29430>, main=<bound method BuildVerb.main of <colcon_core.verb.build.BuildVerb object at 0xffffb9c29430>>, mixin_verb=('build',))
[0.261s] Level 1:colcon.colcon_core.package_discovery:discover_packages(colcon_meta) check parameters
[0.261s] Level 1:colcon.colcon_core.package_discovery:discover_packages(recursive) check parameters
[0.261s] Level 1:colcon.colcon_core.package_discovery:discover_packages(ignore) check parameters
[0.261s] Level 1:colcon.colcon_core.package_discovery:discover_packages(path) check parameters
[0.261s] Level 1:colcon.colcon_core.package_discovery:discover_packages(colcon_meta) discover
[0.262s] Level 1:colcon.colcon_core.package_discovery:discover_packages(recursive) discover
[0.262s] INFO:colcon.colcon_core.package_discovery:Crawling recursively for packages in '/home/havlian/Documents/Mapovac_code'
[0.262s] Level 1:colcon.colcon_core.package_identification:_identify(.) by extensions ['ignore', 'ignore_ament_install']
[0.262s] Level 1:colcon.colcon_core.package_identification:_identify(.) by extension 'ignore'
[0.262s] Level 1:colcon.colcon_core.package_identification:_identify(.) by extension 'ignore_ament_install'
[0.262s] Level 1:colcon.colcon_core.package_identification:_identify(.) by extensions ['colcon_pkg']
[0.262s] Level 1:colcon.colcon_core.package_identification:_identify(.) by extension 'colcon_pkg'
[0.262s] Level 1:colcon.colcon_core.package_identification:_identify(.) by extensions ['colcon_meta']
[0.262s] Level 1:colcon.colcon_core.package_identification:_identify(.) by extension 'colcon_meta'
[0.262s] Level 1:colcon.colcon_core.package_identification:_identify(.) by extensions ['ros']
[0.262s] Level 1:colcon.colcon_core.package_identification:_identify(.) by extension 'ros'
[0.312s] Level 1:colcon.colcon_core.package_identification:_identify(.) by extensions ['cmake', 'python']
[0.313s] Level 1:colcon.colcon_core.package_identification:_identify(.) by extension 'cmake'
[0.313s] Level 1:colcon.colcon_core.package_identification:_identify(.) by extension 'python'
[0.313s] Level 1:colcon.colcon_core.package_identification:_identify(.) by extensions ['python_setup_py']
[0.313s] Level 1:colcon.colcon_core.package_identification:_identify(.) by extension 'python_setup_py'
[0.313s] Level 1:colcon.colcon_core.package_identification:_identify(Mapovac_sw) by extensions ['ignore', 'ignore_ament_install']
[0.313s] Level 1:colcon.colcon_core.package_identification:_identify(Mapovac_sw) by extension 'ignore'
[0.313s] Level 1:colcon.colcon_core.package_identification:_identify(Mapovac_sw) by extension 'ignore_ament_install'
[0.313s] Level 1:colcon.colcon_core.package_identification:_identify(Mapovac_sw) by extensions ['colcon_pkg']
[0.313s] Level 1:colcon.colcon_core.package_identification:_identify(Mapovac_sw) by extension 'colcon_pkg'
[0.313s] Level 1:colcon.colcon_core.package_identification:_identify(Mapovac_sw) by extensions ['colcon_meta']
[0.313s] Level 1:colcon.colcon_core.package_identification:_identify(Mapovac_sw) by extension 'colcon_meta'
[0.313s] Level 1:colcon.colcon_core.package_identification:_identify(Mapovac_sw) by extensions ['ros']
[0.314s] Level 1:colcon.colcon_core.package_identification:_identify(Mapovac_sw) by extension 'ros'
[0.317s] DEBUG:colcon.colcon_core.package_identification:Package 'Mapovac_sw' with type 'ros.ament_python' and name 'Mapovac_sw'
[0.318s] Level 1:colcon.colcon_core.package_identification:_identify(build) by extensions ['ignore', 'ignore_ament_install']
[0.318s] Level 1:colcon.colcon_core.package_identification:_identify(build) by extension 'ignore'
[0.318s] Level 1:colcon.colcon_core.package_identification:_identify(build) ignored
[0.319s] Level 1:colcon.colcon_core.package_identification:_identify(install) by extensions ['ignore', 'ignore_ament_install']
[0.319s] Level 1:colcon.colcon_core.package_identification:_identify(install) by extension 'ignore'
[0.319s] Level 1:colcon.colcon_core.package_identification:_identify(install) ignored
[0.320s] Level 1:colcon.colcon_core.package_identification:_identify(log) by extensions ['ignore', 'ignore_ament_install']
[0.320s] Level 1:colcon.colcon_core.package_identification:_identify(log) by extension 'ignore'
[0.320s] Level 1:colcon.colcon_core.package_identification:_identify(log) ignored
[0.320s] Level 1:colcon.colcon_core.package_discovery:discover_packages(recursive) using defaults
[0.320s] Level 1:colcon.colcon_core.package_discovery:discover_packages(ignore) discover
[0.320s] Level 1:colcon.colcon_core.package_discovery:discover_packages(ignore) using defaults
[0.320s] Level 1:colcon.colcon_core.package_discovery:discover_packages(path) discover
[0.320s] Level 1:colcon.colcon_core.package_discovery:discover_packages(path) using defaults
[0.353s] Level 1:colcon.colcon_core.package_discovery:discover_packages(prefix_path) check parameters
[0.353s] Level 1:colcon.colcon_core.package_discovery:discover_packages(prefix_path) discover
[0.355s] DEBUG:colcon.colcon_installed_package_information.package_discovery:Found 1 installed packages in /home/havlian/Documents/Mapovac_code/install
[0.358s] DEBUG:colcon.colcon_installed_package_information.package_discovery:Found 287 installed packages in /opt/ros/jazzy
[0.362s] Level 1:colcon.colcon_core.package_discovery:discover_packages(prefix_path) using defaults
[0.431s] Level 5:colcon.colcon_core.verb:set package 'Mapovac_sw' build argument 'cmake_args' from command line to 'None'
[0.431s] Level 5:colcon.colcon_core.verb:set package 'Mapovac_sw' build argument 'cmake_target' from command line to 'None'
[0.431s] Level 5:colcon.colcon_core.verb:set package 'Mapovac_sw' build argument 'cmake_target_skip_unavailable' from command line to 'False'
[0.431s] Level 5:colcon.colcon_core.verb:set package 'Mapovac_sw' build argument 'cmake_clean_cache' from command line to 'False'
[0.431s] Level 5:colcon.colcon_core.verb:set package 'Mapovac_sw' build argument 'cmake_clean_first' from command line to 'False'
[0.431s] Level 5:colcon.colcon_core.verb:set package 'Mapovac_sw' build argument 'cmake_force_configure' from command line to 'False'
[0.431s] Level 5:colcon.colcon_core.verb:set package 'Mapovac_sw' build argument 'ament_cmake_args' from command line to 'None'
[0.432s] Level 5:colcon.colcon_core.verb:set package 'Mapovac_sw' build argument 'catkin_cmake_args' from command line to 'None'
[0.432s] Level 5:colcon.colcon_core.verb:set package 'Mapovac_sw' build argument 'catkin_skip_building_tests' from command line to 'False'
[0.432s] DEBUG:colcon.colcon_core.verb:Building package 'Mapovac_sw' with the following arguments: {'ament_cmake_args': None, 'build_base': '/home/havlian/Documents/Mapovac_code/build/Mapovac_sw', 'catkin_cmake_args': None, 'catkin_skip_building_tests': False, 'cmake_args': None, 'cmake_clean_cache': False, 'cmake_clean_first': False, 'cmake_force_configure': False, 'cmake_target': None, 'cmake_target_skip_unavailable': False, 'install_base': '/home/havlian/Documents/Mapovac_code/install/Mapovac_sw', 'merge_install': False, 'path': '/home/havlian/Documents/Mapovac_code/Mapovac_sw', 'symlink_install': False, 'test_result_base': None}
[0.432s] INFO:colcon.colcon_core.executor:Executing jobs using 'parallel' executor
[0.435s] DEBUG:colcon.colcon_parallel_executor.executor.parallel:run_until_complete
[0.436s] INFO:colcon.colcon_ros.task.ament_python.build:Building ROS package in '/home/havlian/Documents/Mapovac_code/Mapovac_sw' with build type 'ament_python'
[0.437s] Level 1:colcon.colcon_core.shell:create_environment_hook('Mapovac_sw', 'ament_prefix_path')
[0.442s] INFO:colcon.colcon_core.plugin_system:Skipping extension 'colcon_core.shell.bat': Not used on non-Windows systems
[0.443s] INFO:colcon.colcon_core.shell:Creating environment hook '/home/havlian/Documents/Mapovac_code/install/Mapovac_sw/share/Mapovac_sw/hook/ament_prefix_path.ps1'
[0.444s] INFO:colcon.colcon_core.shell:Creating environment descriptor '/home/havlian/Documents/Mapovac_code/install/Mapovac_sw/share/Mapovac_sw/hook/ament_prefix_path.dsv'
[0.445s] INFO:colcon.colcon_core.shell:Creating environment hook '/home/havlian/Documents/Mapovac_code/install/Mapovac_sw/share/Mapovac_sw/hook/ament_prefix_path.sh'
[0.448s] INFO:colcon.colcon_core.shell:Skip shell extension 'powershell' for command environment: Not usable outside of PowerShell
[0.448s] DEBUG:colcon.colcon_core.shell:Skip shell extension 'dsv' for command environment
[0.896s] INFO:colcon.colcon_core.task.python.build:Building Python package in '/home/havlian/Documents/Mapovac_code/Mapovac_sw'
[0.897s] INFO:colcon.colcon_core.shell:Skip shell extension 'powershell' for command environment: Not usable outside of PowerShell
[0.897s] DEBUG:colcon.colcon_core.shell:Skip shell extension 'dsv' for command environment
[2.001s] DEBUG:colcon.colcon_core.event_handler.log_command:Invoking command in '/home/havlian/Documents/Mapovac_code/Mapovac_sw': DEBUGINFOD_URLS=https://debuginfod.ubuntu.com PYTHONPATH=/home/havlian/Documents/Mapovac_code/build/Mapovac_sw/prefix_override:/usr/lib/python3/dist-packages/colcon_core/task/python/colcon_distutils_commands:/home/havlian/Documents/Mapovac_code/install/Mapovac_sw/lib/python3.12/site-packages:${PYTHONPATH} /usr/bin/python3 -W ignore:setup.py install is deprecated -W ignore:easy_install command is deprecated setup.py egg_info --egg-base ../build/Mapovac_sw build --build-base /home/havlian/Documents/Mapovac_code/build/Mapovac_sw/build install --record /home/havlian/Documents/Mapovac_code/build/Mapovac_sw/install.log --single-version-externally-managed install_data
[3.006s] DEBUG:colcon.colcon_core.event_handler.log_command:Invoked command in '/home/havlian/Documents/Mapovac_code/Mapovac_sw' returned '0': DEBUGINFOD_URLS=https://debuginfod.ubuntu.com PYTHONPATH=/home/havlian/Documents/Mapovac_code/build/Mapovac_sw/prefix_override:/usr/lib/python3/dist-packages/colcon_core/task/python/colcon_distutils_commands:/home/havlian/Documents/Mapovac_code/install/Mapovac_sw/lib/python3.12/site-packages:${PYTHONPATH} /usr/bin/python3 -W ignore:setup.py install is deprecated -W ignore:easy_install command is deprecated setup.py egg_info --egg-base ../build/Mapovac_sw build --build-base /home/havlian/Documents/Mapovac_code/build/Mapovac_sw/build install --record /home/havlian/Documents/Mapovac_code/build/Mapovac_sw/install.log --single-version-externally-managed install_data
[3.009s] Level 1:colcon.colcon_core.environment:checking '/home/havlian/Documents/Mapovac_code/install/Mapovac_sw' for CMake module files
[3.010s] Level 1:colcon.colcon_core.environment:checking '/home/havlian/Documents/Mapovac_code/install/Mapovac_sw' for CMake config files
[3.011s] Level 1:colcon.colcon_core.environment:checking '/home/havlian/Documents/Mapovac_code/install/Mapovac_sw/lib'
[3.011s] Level 1:colcon.colcon_core.environment:checking '/home/havlian/Documents/Mapovac_code/install/Mapovac_sw/bin'
[3.011s] Level 1:colcon.colcon_core.environment:checking '/home/havlian/Documents/Mapovac_code/install/Mapovac_sw/lib/pkgconfig/Mapovac_sw.pc'
[3.012s] Level 1:colcon.colcon_core.environment:checking '/home/havlian/Documents/Mapovac_code/install/Mapovac_sw/lib/python3.12/site-packages'
[3.012s] Level 1:colcon.colcon_core.shell:create_environment_hook('Mapovac_sw', 'pythonpath')
[3.012s] INFO:colcon.colcon_core.shell:Creating environment hook '/home/havlian/Documents/Mapovac_code/install/Mapovac_sw/share/Mapovac_sw/hook/pythonpath.ps1'
[3.014s] INFO:colcon.colcon_core.shell:Creating environment descriptor '/home/havlian/Documents/Mapovac_code/install/Mapovac_sw/share/Mapovac_sw/hook/pythonpath.dsv'
[3.015s] INFO:colcon.colcon_core.shell:Creating environment hook '/home/havlian/Documents/Mapovac_code/install/Mapovac_sw/share/Mapovac_sw/hook/pythonpath.sh'
[3.016s] Level 1:colcon.colcon_core.environment:checking '/home/havlian/Documents/Mapovac_code/install/Mapovac_sw/bin'
[3.016s] Level 1:colcon.colcon_core.environment:create_environment_scripts_only(Mapovac_sw)
[3.017s] INFO:colcon.colcon_core.shell:Creating package script '/home/havlian/Documents/Mapovac_code/install/Mapovac_sw/share/Mapovac_sw/package.ps1'
[3.018s] INFO:colcon.colcon_core.shell:Creating package descriptor '/home/havlian/Documents/Mapovac_code/install/Mapovac_sw/share/Mapovac_sw/package.dsv'
[3.019s] INFO:colcon.colcon_core.shell:Creating package script '/home/havlian/Documents/Mapovac_code/install/Mapovac_sw/share/Mapovac_sw/package.sh'
[3.020s] INFO:colcon.colcon_core.shell:Creating package script '/home/havlian/Documents/Mapovac_code/install/Mapovac_sw/share/Mapovac_sw/package.bash'
[3.022s] INFO:colcon.colcon_core.shell:Creating package script '/home/havlian/Documents/Mapovac_code/install/Mapovac_sw/share/Mapovac_sw/package.zsh'
[3.023s] Level 1:colcon.colcon_core.environment:create_file_with_runtime_dependencies(/home/havlian/Documents/Mapovac_code/install/Mapovac_sw/share/colcon-core/packages/Mapovac_sw)
[3.024s] DEBUG:colcon.colcon_parallel_executor.executor.parallel:closing loop
[3.024s] DEBUG:colcon.colcon_parallel_executor.executor.parallel:loop closed
[3.025s] DEBUG:colcon.colcon_parallel_executor.executor.parallel:run_until_complete finished with '0'
[3.025s] DEBUG:colcon.colcon_core.event_reactor:joining thread
[3.039s] INFO:colcon.colcon_core.plugin_system:Skipping extension 'colcon_notification.desktop_notification.terminal_notifier': Not used on non-Darwin systems
[3.039s] INFO:colcon.colcon_core.plugin_system:Skipping extension 'colcon_notification.desktop_notification.win32': Not used on non-Windows systems
[3.040s] INFO:colcon.colcon_notification.desktop_notification:Sending desktop notification using 'notify2'
[3.088s] DEBUG:colcon.colcon_core.event_reactor:joined thread
[3.089s] INFO:colcon.colcon_core.shell:Creating prefix script '/home/havlian/Documents/Mapovac_code/install/local_setup.ps1'
[3.093s] INFO:colcon.colcon_core.shell:Creating prefix util module '/home/havlian/Documents/Mapovac_code/install/_local_setup_util_ps1.py'
[3.095s] INFO:colcon.colcon_core.shell:Creating prefix chain script '/home/havlian/Documents/Mapovac_code/install/setup.ps1'
[3.099s] INFO:colcon.colcon_core.shell:Creating prefix script '/home/havlian/Documents/Mapovac_code/install/local_setup.sh'
[3.101s] INFO:colcon.colcon_core.shell:Creating prefix util module '/home/havlian/Documents/Mapovac_code/install/_local_setup_util_sh.py'
[3.102s] INFO:colcon.colcon_core.shell:Creating prefix chain script '/home/havlian/Documents/Mapovac_code/install/setup.sh'
[3.104s] INFO:colcon.colcon_core.shell:Creating prefix script '/home/havlian/Documents/Mapovac_code/install/local_setup.bash'
[3.105s] INFO:colcon.colcon_core.shell:Creating prefix chain script '/home/havlian/Documents/Mapovac_code/install/setup.bash'
[3.107s] INFO:colcon.colcon_core.shell:Creating prefix script '/home/havlian/Documents/Mapovac_code/install/local_setup.zsh'
[3.108s] INFO:colcon.colcon_core.shell:Creating prefix chain script '/home/havlian/Documents/Mapovac_code/install/setup.zsh'
