[1.220s] Invoking command in '/home/havlian/Documents/Mapovac_code/Mapovac_sw': DEBUGINFOD_URLS=https://debuginfod.ubuntu.com PYTHONPATH=/home/havlian/Documents/Mapovac_code/build/Mapovac_sw/prefix_override:/usr/lib/python3/dist-packages/colcon_core/task/python/colcon_distutils_commands:/home/havlian/Documents/Mapovac_code/install/Mapovac_sw/lib/python3.12/site-packages:${PYTHONPATH} /usr/bin/python3 -W ignore:setup.py install is deprecated -W ignore:easy_install command is deprecated setup.py egg_info --egg-base ../build/Mapovac_sw build --build-base /home/havlian/Documents/Mapovac_code/build/Mapovac_sw/build install --record /home/havlian/Documents/Mapovac_code/build/Mapovac_sw/install.log --single-version-externally-managed install_data
[1.597s] running egg_info
[1.625s] writing ../build/Mapovac_sw/Mapovac_sw.egg-info/PKG-INFO
[1.625s] writing dependency_links to ../build/Mapovac_sw/Mapovac_sw.egg-info/dependency_links.txt
[1.626s] writing entry points to ../build/Mapovac_sw/Mapovac_sw.egg-info/entry_points.txt
[1.626s] writing requirements to ../build/Mapovac_sw/Mapovac_sw.egg-info/requires.txt
[1.627s] writing top-level names to ../build/Mapovac_sw/Mapovac_sw.egg-info/top_level.txt
[1.679s] reading manifest file '../build/Mapovac_sw/Mapovac_sw.egg-info/SOURCES.txt'
[1.680s] writing manifest file '../build/Mapovac_sw/Mapovac_sw.egg-info/SOURCES.txt'
[1.680s] running build
[1.680s] running build_py
[1.681s] running install
[1.690s] running install_lib
[1.718s] byte-compiling /home/havlian/Documents/Mapovac_code/install/Mapovac_sw/lib/python3.12/site-packages/Mapovac_sw/move.py to move.cpython-312.pyc
[1.720s]   File "/home/havlian/Documents/Mapovac_code/install/Mapovac_sw/lib/python3.12/site-packages/Mapovac_sw/move.py", line 71
[1.720s]     self.cosinus = (math.sqrt(pow(self.vector[0], 2) - self.vector[0]*pow(math.sin(self.vector[1], 2)))
[1.720s]                    ^
[1.720s] SyntaxError: '(' was never closed
[1.720s] 
[1.720s] running install_data
[1.720s] running install_egg_info
[1.747s] removing '/home/havlian/Documents/Mapovac_code/install/Mapovac_sw/lib/python3.12/site-packages/Mapovac_sw-0.0.0-py3.12.egg-info' (and everything under it)
[1.747s] Copying ../build/Mapovac_sw/Mapovac_sw.egg-info to /home/havlian/Documents/Mapovac_code/install/Mapovac_sw/lib/python3.12/site-packages/Mapovac_sw-0.0.0-py3.12.egg-info
[1.749s] running install_scripts
[1.933s] Installing Comand_listener script to /home/havlian/Documents/Mapovac_code/install/Mapovac_sw/lib/Mapovac_sw
[1.933s] Installing move script to /home/havlian/Documents/Mapovac_code/install/Mapovac_sw/lib/Mapovac_sw
[1.935s] writing list of installed files to '/home/havlian/Documents/Mapovac_code/build/Mapovac_sw/install.log'
[2.033s] Invoked command in '/home/havlian/Documents/Mapovac_code/Mapovac_sw' returned '0': DEBUGINFOD_URLS=https://debuginfod.ubuntu.com PYTHONPATH=/home/havlian/Documents/Mapovac_code/build/Mapovac_sw/prefix_override:/usr/lib/python3/dist-packages/colcon_core/task/python/colcon_distutils_commands:/home/havlian/Documents/Mapovac_code/install/Mapovac_sw/lib/python3.12/site-packages:${PYTHONPATH} /usr/bin/python3 -W ignore:setup.py install is deprecated -W ignore:easy_install command is deprecated setup.py egg_info --egg-base ../build/Mapovac_sw build --build-base /home/havlian/Documents/Mapovac_code/build/Mapovac_sw/build install --record /home/havlian/Documents/Mapovac_code/build/Mapovac_sw/install.log --single-version-externally-managed install_data
